// Jest Snapshot v1, https://goo.gl/fbAQLP

exports[`renders caluclate comp 1`] = `ShallowWrapper {}`;
